# Copyright 2019 The Fuchsia Authors. All rights reserved.
# Use of this source code is governed by a BSD-style license that can be
# found in the LICENSE file.

# WARNING: THIS FILE IS MACHINE GENERATED. DO NOT EDIT.
# Generated from the banjo.examples.abigen.protocol.basic banjo file

syscall bool
    (b: bool)
    returns (bool, b_2: bool);

syscall int8
    (i8: int8_t)
    returns (int8_t, i8_2: int8_t);

syscall int16
    (i16: int16_t)
    returns (int16_t, i16_2: int16_t);

syscall int32
    (i32: int32_t)
    returns (int32_t, i32_2: int32_t);

syscall int64
    (i64: int64_t)
    returns (int64_t, i64_2: int64_t);

syscall uint8
    (u8: uint8_t)
    returns (uint8_t, u8_2: uint8_t);

syscall uint16
    (u16: uint16_t)
    returns (uint16_t, u16_2: uint16_t);

syscall uint32
    (u32: uint32_t)
    returns (uint32_t, u32_2: uint32_t);

syscall uint64
    (u64: uint64_t)
    returns (uint64_t, u64_2: uint64_t);

syscall float32
    (f32: float)
    returns (float, f32_2: float);

syscall float64
    (u64: double)
    returns (double, f64_2: double);
