# Copyright 2019 The Fuchsia Authors. All rights reserved.
# Use of this source code is governed by a BSD-style license that can be
# found in the LICENSE file.

# WARNING: THIS FILE IS MACHINE GENERATED. DO NOT EDIT.
# Generated from the banjo.examples.abigen.protocol.markup banjo file

#^ This is a short description.
syscall an_excellent_thing
    (clock_id: zx_clock_t)
    returns (zx_time_t);

#^ Very much like an object_wait_one.
#! handle must have ZX_RIGHT_WAIT.
syscall do_another_thing blocking
    (handle: zx_handle_t, signals: zx_signals_t, deadline: zx_time_t)
    returns (zx_status_t, observed: zx_signals_t optional);

#^ Fancy hacks for array sizes.
#! handle must be of type ZX_OBJ_TYPE_FIFO and have ZX_RIGHT_READ.
syscall a_third_thing
    (handle: zx_handle_t, elem_size: size_t, data: any[count*elem_size] OUT, count: size_t)
    returns (zx_status_t, actual_count: size_t optional);

syscall the_attributes blocking const internal test_category1 test_category2 vdsocall
    ()
    returns ();

syscall noreturn_handling noreturn
    ();
