// Copyright 2019 The Fuchsia Authors. All rights reserved.
// Use of this source code is governed by a BSD-style license that can be
// found in the LICENSE file.

// WARNING: THIS FILE IS MACHINE GENERATED. DO NOT EDIT.
// Generated from the banjo.examples.empty banjo file

#include <zircon/system/public/zircon/errors.h>
#include <zircon/system/public/zircon/syscalls/pci.h>
#include <zircon/system/public/zircon/syscalls/port.h>
#include <zircon/system/public/zircon/syscalls/profile.h>
#include <zircon/system/public/zircon/syscalls/smc.h>
#include <zircon/system/public/zircon/syscalls/system.h>
#include <zircon/system/public/zircon/types.h>

#include <cstdint>
#include <memory>

#include "tools/fidlcat/lib/syscall_decoder.h"
#include "tools/fidlcat/lib/syscall_decoding.h"

namespace fidlcat {

void SyscallDecoder::PopulateSyscalls() {
}

}  // namespace fidlcat
